Archive member included because of file (symbol)

c:/nxp/lpcxpresso_5.2.4_2122/lpcxpresso/tools/bin/../lib/gcc/arm-none-eabi/4.6.2/../../../../arm-none-eabi/lib/armv6-m\libcr_c.a(__weak__main.o)
                              ./src/cr_startup_lpc8xx.o (__main)
c:/nxp/lpcxpresso_5.2.4_2122/lpcxpresso/tools/bin/../lib/gcc/arm-none-eabi/4.6.2/../../../../arm-none-eabi/lib/armv6-m\libcr_c.a(strlen.o)
                              ./src/max7221_graph.o (strlen)
c:/nxp/lpcxpresso_5.2.4_2122/lpcxpresso/tools/bin/../lib/gcc/arm-none-eabi/4.6.2/armv6-m\libcr_eabihelpers.a(division.o)
                              ./src/printf.o (__aeabi_uidiv)
c:/nxp/lpcxpresso_5.2.4_2122/lpcxpresso/tools/bin/../lib/gcc/arm-none-eabi/4.6.2/armv6-m\libcr_eabihelpers.a(thumb1_switch_helpers.o)
                              ./src/main.o (__gnu_thumb1_case_uqi)

Allocating common symbols
Common symbol       size              file

sleepMsg            0x8               ./src/main.o
buff                0x100             ./src/max7221_graph.o
line                0x40              ./src/uart.o
msg_done            0x1               ./src/main.o
text                0x20              ./src/main.o
tmr                 0x4               ./src/main.o

Discarded input sections

 .text          0x00000000        0x0 ./src/cr_startup_lpc8xx.o
 .data          0x00000000        0x0 ./src/cr_startup_lpc8xx.o
 .bss           0x00000000        0x0 ./src/cr_startup_lpc8xx.o
 .text.data_init
                0x00000000       0x12 ./src/cr_startup_lpc8xx.o
 .text.bss_init
                0x00000000       0x12 ./src/cr_startup_lpc8xx.o
 .text          0x00000000        0x0 ./src/gpio.o
 .data          0x00000000        0x0 ./src/gpio.o
 .bss           0x00000000        0x0 ./src/gpio.o
 .text.gpioGetPinValue
                0x00000000       0x2e ./src/gpio.o
 .text.gpioSetValue
                0x00000000       0x1c ./src/gpio.o
 .text.gpioSetDir
                0x00000000       0x26 ./src/gpio.o
 .text          0x00000000        0x0 ./src/main.o
 .data          0x00000000        0x0 ./src/main.o
 .bss           0x00000000        0x0 ./src/main.o
 .text          0x00000000        0x0 ./src/max7221_graph.o
 .data          0x00000000        0x0 ./src/max7221_graph.o
 .bss           0x00000000        0x0 ./src/max7221_graph.o
 .text          0x00000000        0x0 ./src/max7221_lib.o
 .data          0x00000000        0x0 ./src/max7221_lib.o
 .bss           0x00000000        0x0 ./src/max7221_lib.o
 .text          0x00000000        0x0 ./src/power_mode.o
 .data          0x00000000        0x0 ./src/power_mode.o
 .bss           0x00000000        0x0 ./src/power_mode.o
 .text.deep_sleep
                0x00000000       0x30 ./src/power_mode.o
 .text          0x00000000        0x0 ./src/printf-retarget.o
 .data          0x00000000        0x0 ./src/printf-retarget.o
 .bss           0x00000000        0x0 ./src/printf-retarget.o
 .text.putchar  0x00000000        0x8 ./src/printf-retarget.o
 .text.puts     0x00000000       0x14 ./src/printf-retarget.o
 .text          0x00000000        0x0 ./src/printf.o
 .data          0x00000000        0x0 ./src/printf.o
 .bss           0x00000000        0x0 ./src/printf.o
 .text.printchar
                0x00000000       0x1a ./src/printf.o
 .text.prints   0x00000000       0x7a ./src/printf.o
 .text.printi   0x00000000       0xa6 ./src/printf.o
 .text.print    0x00000000      0x118 ./src/printf.o
 .text.printf   0x00000000       0x18 ./src/printf.o
 .text.sprintf  0x00000000       0x1a ./src/printf.o
 .rodata.str1.1
                0x00000000        0x7 ./src/printf.o
 .text          0x00000000        0x0 ./src/spi.o
 .data          0x00000000        0x0 ./src/spi.o
 .bss           0x00000000        0x0 ./src/spi.o
 .text.spiTransfer
                0x00000000       0x20 ./src/spi.o
 .text          0x00000000        0x0 ./src/system_LPC8xx.o
 .data          0x00000000        0x0 ./src/system_LPC8xx.o
 .bss           0x00000000        0x0 ./src/system_LPC8xx.o
 .text.__delayticks
                0x00000000        0x6 ./src/system_LPC8xx.o
 .text.SystemInit
                0x00000000       0x68 ./src/system_LPC8xx.o
 .text          0x00000000        0x0 ./src/systick.o
 .data          0x00000000        0x0 ./src/systick.o
 .bss           0x00000000        0x0 ./src/systick.o
 .text          0x00000000        0x0 ./src/uart.o
 .data          0x00000000        0x0 ./src/uart.o
 .bss           0x00000000        0x0 ./src/uart.o
 .text.uart0Send
                0x00000000       0x18 ./src/uart.o
 .text.uart0ReceiveChar
                0x00000000       0x18 ./src/uart.o
 .text.uart0ReceiveReady
                0x00000000       0x10 ./src/uart.o
 .text          0x00000000        0x0 c:/nxp/lpcxpresso_5.2.4_2122/lpcxpresso/tools/bin/../lib/gcc/arm-none-eabi/4.6.2/../../../../arm-none-eabi/lib/armv6-m\libcr_c.a(__weak__main.o)
 .data          0x00000000        0x0 c:/nxp/lpcxpresso_5.2.4_2122/lpcxpresso/tools/bin/../lib/gcc/arm-none-eabi/4.6.2/../../../../arm-none-eabi/lib/armv6-m\libcr_c.a(__weak__main.o)
 .bss           0x00000000        0x0 c:/nxp/lpcxpresso_5.2.4_2122/lpcxpresso/tools/bin/../lib/gcc/arm-none-eabi/4.6.2/../../../../arm-none-eabi/lib/armv6-m\libcr_c.a(__weak__main.o)
 .text          0x00000000        0x0 c:/nxp/lpcxpresso_5.2.4_2122/lpcxpresso/tools/bin/../lib/gcc/arm-none-eabi/4.6.2/../../../../arm-none-eabi/lib/armv6-m\libcr_c.a(strlen.o)
 .data          0x00000000        0x0 c:/nxp/lpcxpresso_5.2.4_2122/lpcxpresso/tools/bin/../lib/gcc/arm-none-eabi/4.6.2/../../../../arm-none-eabi/lib/armv6-m\libcr_c.a(strlen.o)
 .bss           0x00000000        0x0 c:/nxp/lpcxpresso_5.2.4_2122/lpcxpresso/tools/bin/../lib/gcc/arm-none-eabi/4.6.2/../../../../arm-none-eabi/lib/armv6-m\libcr_c.a(strlen.o)
 .text          0x00000000        0x0 c:/nxp/lpcxpresso_5.2.4_2122/lpcxpresso/tools/bin/../lib/gcc/arm-none-eabi/4.6.2/armv6-m\libcr_eabihelpers.a(division.o)
 .data          0x00000000        0x0 c:/nxp/lpcxpresso_5.2.4_2122/lpcxpresso/tools/bin/../lib/gcc/arm-none-eabi/4.6.2/armv6-m\libcr_eabihelpers.a(division.o)
 .bss           0x00000000        0x0 c:/nxp/lpcxpresso_5.2.4_2122/lpcxpresso/tools/bin/../lib/gcc/arm-none-eabi/4.6.2/armv6-m\libcr_eabihelpers.a(division.o)
 .text.__aeabi_division_idivmod
                0x00000000        0x6 c:/nxp/lpcxpresso_5.2.4_2122/lpcxpresso/tools/bin/../lib/gcc/arm-none-eabi/4.6.2/armv6-m\libcr_eabihelpers.a(division.o)
 .text.__aeabi_division_uldivmod
                0x00000000       0x5a c:/nxp/lpcxpresso_5.2.4_2122/lpcxpresso/tools/bin/../lib/gcc/arm-none-eabi/4.6.2/armv6-m\libcr_eabihelpers.a(division.o)
 .text.__aeabi_division_ldivmod
                0x00000000       0x32 c:/nxp/lpcxpresso_5.2.4_2122/lpcxpresso/tools/bin/../lib/gcc/arm-none-eabi/4.6.2/armv6-m\libcr_eabihelpers.a(division.o)
 .text.__aeabi_division_ldiv0
                0x00000000        0x2 c:/nxp/lpcxpresso_5.2.4_2122/lpcxpresso/tools/bin/../lib/gcc/arm-none-eabi/4.6.2/armv6-m\libcr_eabihelpers.a(division.o)
 .text.__aeabi_division_idivq31+15
                0x00000000      0x188 c:/nxp/lpcxpresso_5.2.4_2122/lpcxpresso/tools/bin/../lib/gcc/arm-none-eabi/4.6.2/armv6-m\libcr_eabihelpers.a(division.o)
 .text          0x00000000        0x0 c:/nxp/lpcxpresso_5.2.4_2122/lpcxpresso/tools/bin/../lib/gcc/arm-none-eabi/4.6.2/armv6-m\libcr_eabihelpers.a(thumb1_switch_helpers.o)
 .data          0x00000000        0x0 c:/nxp/lpcxpresso_5.2.4_2122/lpcxpresso/tools/bin/../lib/gcc/arm-none-eabi/4.6.2/armv6-m\libcr_eabihelpers.a(thumb1_switch_helpers.o)
 .bss           0x00000000        0x0 c:/nxp/lpcxpresso_5.2.4_2122/lpcxpresso/tools/bin/../lib/gcc/arm-none-eabi/4.6.2/armv6-m\libcr_eabihelpers.a(thumb1_switch_helpers.o)
 .text.__gnu_thumb1_case_sqi
                0x00000000       0x10 c:/nxp/lpcxpresso_5.2.4_2122/lpcxpresso/tools/bin/../lib/gcc/arm-none-eabi/4.6.2/armv6-m\libcr_eabihelpers.a(thumb1_switch_helpers.o)
 .text.__gnu_thumb1_case_shi
                0x00000000       0x10 c:/nxp/lpcxpresso_5.2.4_2122/lpcxpresso/tools/bin/../lib/gcc/arm-none-eabi/4.6.2/armv6-m\libcr_eabihelpers.a(thumb1_switch_helpers.o)
 .text.__gnu_thumb1_case_uhi
                0x00000000       0x10 c:/nxp/lpcxpresso_5.2.4_2122/lpcxpresso/tools/bin/../lib/gcc/arm-none-eabi/4.6.2/armv6-m\libcr_eabihelpers.a(thumb1_switch_helpers.o)
 .text.__gnu_thumb1_case_si
                0x00000000       0x18 c:/nxp/lpcxpresso_5.2.4_2122/lpcxpresso/tools/bin/../lib/gcc/arm-none-eabi/4.6.2/armv6-m\libcr_eabihelpers.a(thumb1_switch_helpers.o)

Memory Configuration

Name             Origin             Length             Attributes
MFlash4          0x00000000         0x00001000         xr
RamLoc1          0x10000000         0x00000400         xrw
*default*        0x00000000         0xffffffff

Linker script and memory map

LOAD ./src/cr_startup_lpc8xx.o
LOAD ./src/gpio.o
LOAD ./src/main.o
LOAD ./src/max7221_graph.o
LOAD ./src/max7221_lib.o
LOAD ./src/power_mode.o
LOAD ./src/printf-retarget.o
LOAD ./src/printf.o
LOAD ./src/spi.o
LOAD ./src/system_LPC8xx.o
LOAD ./src/systick.o
LOAD ./src/uart.o
START GROUP
LOAD c:/nxp/lpcxpresso_5.2.4_2122/lpcxpresso/tools/bin/../lib/gcc/arm-none-eabi/4.6.2/../../../../arm-none-eabi/lib/armv6-m\libcr_c.a
LOAD c:/nxp/lpcxpresso_5.2.4_2122/lpcxpresso/tools/bin/../lib/gcc/arm-none-eabi/4.6.2/armv6-m\libcr_eabihelpers.a
END GROUP
                0x00001000                __top_MFlash4 = 0x1000
                0x10000400                __top_RamLoc1 = 0x10000400

.text           0x00000000      0xfb8
 FILL mask 0xff
                0x00000000                __vectors_start__ = ABSOLUTE (.)
 *(.isr_vector)
 .isr_vector    0x00000000       0xc0 ./src/cr_startup_lpc8xx.o
                0x00000000                g_pfnVectors
                0x000000c0                . = ALIGN (0x4)
                0x000000c0                __section_table_start = .
                0x000000c0                __data_section_table = .
                0x000000c0        0x4 LONG 0xfb8 LOADADDR (.data)
                0x000000c4        0x4 LONG 0x10000000 ADDR (.data)
                0x000000c8        0x4 LONG 0x4 SIZEOF (.data)
                0x000000cc                __data_section_table_end = .
                0x000000cc                __bss_section_table = .
                0x000000cc        0x4 LONG 0x10000004 ADDR (.bss)
                0x000000d0        0x4 LONG 0x17c SIZEOF (.bss)
                0x000000d4                __bss_section_table_end = .
                0x000000d4                __section_table_end = .
 *(.after_vectors*)
 .after_vectors
                0x000000d4       0x6c ./src/cr_startup_lpc8xx.o
                0x000000d4                NMI_Handler
                0x000000d8                HardFault_Handler
                0x000000dc                PendSV_Handler
                0x000000e4                ResetISR
                0x00000138                SVCall_Handler
                0x0000013c                PININT2_IRQHandler
                0x0000013c                PININT1_IRQHandler
                0x0000013c                WKT_IRQHandler
                0x0000013c                PININT7_IRQHandler
                0x0000013c                MRT_IRQHandler
                0x0000013c                UART1_IRQHandler
                0x0000013c                SPI1_IRQHandler
                0x0000013c                CMP_IRQHandler
                0x0000013c                PININT3_IRQHandler
                0x0000013c                UART2_IRQHandler
                0x0000013c                PININT5_IRQHandler
                0x0000013c                PININT4_IRQHandler
                0x0000013c                PININT0_IRQHandler
                0x0000013c                BOD_IRQHandler
                0x0000013c                SCT_IRQHandler
                0x0000013c                I2C_IRQHandler
                0x0000013c                WDT_IRQHandler
                0x0000013c                PININT6_IRQHandler
                0x0000013c                SPI0_IRQHandler
                0x0000013c                IntDefaultHandler
                0x000002fc                . = 0x2fc
 *fill*         0x00000140      0x1bc ff
                0x000002fc                PROVIDE (__CRP_WORD_START__, .)
 *(.crp)
 .crp           0x000002fc        0x4 ./src/main.o
                0x000002fc                CRP_WORD
                0x00000300                PROVIDE (__CRP_WORD_END__, .)
                0x00000001                ASSERT (! ((__CRP_WORD_START__ == __CRP_WORD_END__)), Linker CRP Enabled, but no CRP_WORD provided within application)
 *(.text*)
 .text.gpioInit
                0x00000300       0x28 ./src/gpio.o
                0x00000300                gpioInit
 .text.Hex2Num  0x00000328       0x2c ./src/main.o
                0x00000328                Hex2Num
 .text.MsgParser
                0x00000354      0x148 ./src/main.o
                0x00000354                MsgParser
 .text.SwitchMatrix_Init
                0x0000049c       0x38 ./src/main.o
                0x0000049c                SwitchMatrix_Init
 .text.startup.main
                0x000004d4      0x194 ./src/main.o
                0x000004d4                main
 .text.MAX7221_ScrollText
                0x00000668       0xcc ./src/max7221_graph.o
                0x00000668                MAX7221_ScrollText
 .text.MAX7221_Figure
                0x00000734       0x38 ./src/max7221_graph.o
                0x00000734                MAX7221_Figure
 .text.MAX7221_CustomFigure
                0x0000076c       0x4c ./src/max7221_graph.o
                0x0000076c                MAX7221_CustomFigure
 .text.MAX7221_WriteToMatrix
                0x000007b8       0xa0 ./src/max7221_lib.o
                0x000007b8                MAX7221_WriteToMatrix
 .text.MAX7221_Write
                0x00000858       0x10 ./src/max7221_lib.o
                0x00000858                MAX7221_Write
 .text.MAX7221_WriteBoth
                0x00000868        0xa ./src/max7221_lib.o
                0x00000868                MAX7221_WriteBoth
 *fill*         0x00000872        0x2 00
 .text.MAX7221_Init
                0x00000874       0x58 ./src/max7221_lib.o
                0x00000874                MAX7221_Init
 .text.MAX7221_Shutdown
                0x000008cc       0x14 ./src/max7221_lib.o
                0x000008cc                MAX7221_Shutdown
 .text.MAX7221_Intensity
                0x000008e0       0x10 ./src/max7221_lib.o
                0x000008e0                MAX7221_Intensity
 .text.sleep    0x000008f0       0x1c ./src/power_mode.o
                0x000008f0                sleep
 .text.power_down
                0x0000090c       0x30 ./src/power_mode.o
                0x0000090c                power_down
 .text.spiInit  0x0000093c       0x3c ./src/spi.o
                0x0000093c                spiInit
 .text.SystemCoreClockUpdate
                0x00000978       0x88 ./src/system_LPC8xx.o
                0x00000978                SystemCoreClockUpdate
 .text.SysTick_Handler
                0x00000a00       0x10 ./src/systick.o
                0x00000a00                SysTick_Handler
 .text.SysTick_Init
                0x00000a10       0x44 ./src/systick.o
                0x00000a10                SysTick_Init
 .text.SysTick_WakeUp
                0x00000a54       0x2c ./src/systick.o
                0x00000a54                SysTick_WakeUp
 .text.Systick_Stop
                0x00000a80        0xc ./src/systick.o
                0x00000a80                Systick_Stop
 .text.getTimerTick
                0x00000a8c        0xc ./src/systick.o
                0x00000a8c                getTimerTick
 .text.getTimerTickDiff
                0x00000a98        0xc ./src/systick.o
                0x00000a98                getTimerTickDiff
 .text.uart0Init
                0x00000aa4       0xa4 ./src/uart.o
                0x00000aa4                uart0Init
 .text.UART0_IRQHandler
                0x00000b48       0x74 ./src/uart.o
                0x00000b48                UART0_IRQHandler
 .text.uart0SendChar
                0x00000bbc       0x18 ./src/uart.o
                0x00000bbc                uart0SendChar
 .text.__weak_main
                0x00000bd4        0x8 c:/nxp/lpcxpresso_5.2.4_2122/lpcxpresso/tools/bin/../lib/gcc/arm-none-eabi/4.6.2/../../../../arm-none-eabi/lib/armv6-m\libcr_c.a(__weak__main.o)
                0x00000bd4                __weak_main
                0x00000bd4                __main
 .text.strlen   0x00000bdc       0x58 c:/nxp/lpcxpresso_5.2.4_2122/lpcxpresso/tools/bin/../lib/gcc/arm-none-eabi/4.6.2/../../../../arm-none-eabi/lib/armv6-m\libcr_c.a(strlen.o)
                0x00000bdc                strlen
 .text.__aeabi_division_uidivmod
                0x00000c34       0x72 c:/nxp/lpcxpresso_5.2.4_2122/lpcxpresso/tools/bin/../lib/gcc/arm-none-eabi/4.6.2/armv6-m\libcr_eabihelpers.a(division.o)
                0x00000c34                __aeabi_uidivmod
                0x00000c34                __aeabi_uidiv
 .text.__aeabi_division_idiv0
                0x00000ca6        0x2 c:/nxp/lpcxpresso_5.2.4_2122/lpcxpresso/tools/bin/../lib/gcc/arm-none-eabi/4.6.2/armv6-m\libcr_eabihelpers.a(division.o)
                0x00000ca6                __aeabi_idiv0
 .text.__gnu_thumb1_case_uqi
                0x00000ca8       0x10 c:/nxp/lpcxpresso_5.2.4_2122/lpcxpresso/tools/bin/../lib/gcc/arm-none-eabi/4.6.2/armv6-m\libcr_eabihelpers.a(thumb1_switch_helpers.o)
                0x00000ca8                __gnu_thumb1_case_uqi
 *(.rodata .rodata.*)
 .rodata.f8x8fv
                0x00000cb8      0x299 ./src/max7221_graph.o
                0x00000cb8                f8x8fv
 .rodata.readyMadeFigure
                0x00000f51       0x28 ./src/max7221_graph.o
                0x00000f51                readyMadeFigure
 *fill*         0x00000f79        0x3 00
 .rodata.CSWTCH.6
                0x00000f7c       0x3c ./src/system_LPC8xx.o
                0x00000fb8                . = ALIGN (0x4)

.glue_7         0x00000fb8        0x0
 .glue_7        0x00000000        0x0 linker stubs

.glue_7t        0x00000fb8        0x0
 .glue_7t       0x00000000        0x0 linker stubs

.vfp11_veneer   0x00000fb8        0x0
 .vfp11_veneer  0x00000000        0x0 linker stubs

.v4_bx          0x00000fb8        0x0
 .v4_bx         0x00000000        0x0 linker stubs

.ARM.extab
 *(.ARM.extab* .gnu.linkonce.armextab.*)
                0x00000fb8                __exidx_start = .

.ARM.exidx
 *(.ARM.exidx* .gnu.linkonce.armexidx.*)
                0x00000fb8                __exidx_end = .
                0x00000fb8                _etext = .

.mtb_buffer_default
 *(.mtb*)

.uninit_RESERVED
                0x10000000        0x0
 *(.bss.$RESERVED*)
                0x10000000                . = ALIGN (0x4)
                0x10000000                _end_uninit_RESERVED = .

.data           0x10000000        0x4 load address 0x00000fb8
 FILL mask 0xff
                0x10000000                _data = .
 *(vtable)
 *(.data*)
 .data.SystemCoreClock
                0x10000000        0x4 ./src/system_LPC8xx.o
                0x10000000                SystemCoreClock
                0x10000004                . = ALIGN (0x4)
                0x10000004                _edata = .

.bss            0x10000004      0x17c load address 0x00000fbc
                0x10000004                _bss = .
 *(.bss*)
 .bss.inactivity
                0x10000004        0x1 ./src/main.o
                0x10000004                inactivity
 .bss.matrixColor
                0x10000005        0x1 ./src/main.o
                0x10000005                matrixColor
 .bss.MatrixInUse
                0x10000006        0x1 ./src/max7221_lib.o
 *fill*         0x10000007        0x1 00
 .bss.TimeTick  0x10000008        0x4 ./src/systick.o
                0x10000008                TimeTick
 .bss.idx       0x1000000c        0x1 ./src/uart.o
 *(COMMON)
 *fill*         0x1000000d        0x3 00
 COMMON         0x10000010       0x30 ./src/main.o
                0x10000010                sleepMsg
                0x10000018                msg_done
                0x10000019                text
                0x1000003c                tmr
 COMMON         0x10000040      0x100 ./src/max7221_graph.o
                0x10000040                buff
 COMMON         0x10000140       0x40 ./src/uart.o
                0x10000140                line
                0x10000180                . = ALIGN (0x4)
                0x10000180                _ebss = .
                0x10000180                PROVIDE (end, .)

.noinit         0x10000180        0x0 load address 0x00000fbc
                0x10000180                _noinit = .
 *(.noinit*)
                0x10000180                . = ALIGN (0x4)
                0x10000180                _end_noinit = .
                0x10000180                PROVIDE (_pvHeapStart, .)
                0x10000400                PROVIDE (_vStackTop, (__top_RamLoc1 - 0x0))
OUTPUT(LPC810_MAX7221_tst.axf elf32-littlearm)

.debug_info     0x00000000     0x3b6b
 .debug_info    0x00000000      0x321 ./src/cr_startup_lpc8xx.o
 .debug_info    0x00000321      0x69b ./src/gpio.o
 .debug_info    0x000009bc      0x7cf ./src/main.o
 .debug_info    0x0000118b      0x244 ./src/max7221_graph.o
 .debug_info    0x000013cf      0x2d1 ./src/max7221_lib.o
 .debug_info    0x000016a0      0x5ab ./src/power_mode.o
 .debug_info    0x00001c4b       0xff ./src/printf-retarget.o
 .debug_info    0x00001d4a      0x377 ./src/printf.o
 .debug_info    0x000020c1      0x782 ./src/spi.o
 .debug_info    0x00002843      0x533 ./src/system_LPC8xx.o
 .debug_info    0x00002d76      0x554 ./src/systick.o
 .debug_info    0x000032ca      0x8a1 ./src/uart.o

.debug_abbrev   0x00000000      0xf32
 .debug_abbrev  0x00000000      0x13b ./src/cr_startup_lpc8xx.o
 .debug_abbrev  0x0000013b      0x13d ./src/gpio.o
 .debug_abbrev  0x00000278      0x1bd ./src/main.o
 .debug_abbrev  0x00000435       0xa5 ./src/max7221_graph.o
 .debug_abbrev  0x000004da       0xd2 ./src/max7221_lib.o
 .debug_abbrev  0x000005ac      0x104 ./src/power_mode.o
 .debug_abbrev  0x000006b0       0xab ./src/printf-retarget.o
 .debug_abbrev  0x0000075b      0x194 ./src/printf.o
 .debug_abbrev  0x000008ef      0x16c ./src/spi.o
 .debug_abbrev  0x00000a5b      0x105 ./src/system_LPC8xx.o
 .debug_abbrev  0x00000b60      0x1ed ./src/systick.o
 .debug_abbrev  0x00000d4d      0x1e5 ./src/uart.o

.debug_loc      0x00000000     0x136a
 .debug_loc     0x00000000      0x390 ./src/cr_startup_lpc8xx.o
 .debug_loc     0x00000390      0x14e ./src/gpio.o
 .debug_loc     0x000004de      0x120 ./src/main.o
 .debug_loc     0x000005fe      0x221 ./src/max7221_graph.o
 .debug_loc     0x0000081f      0x29e ./src/max7221_lib.o
 .debug_loc     0x00000abd       0x84 ./src/printf-retarget.o
 .debug_loc     0x00000b41      0x533 ./src/printf.o
 .debug_loc     0x00001074       0x66 ./src/spi.o
 .debug_loc     0x000010da       0x72 ./src/system_LPC8xx.o
 .debug_loc     0x0000114c       0xbc ./src/systick.o
 .debug_loc     0x00001208      0x162 ./src/uart.o

.debug_aranges  0x00000000      0x2d0
 .debug_aranges
                0x00000000       0x60 ./src/cr_startup_lpc8xx.o
 .debug_aranges
                0x00000060       0x38 ./src/gpio.o
 .debug_aranges
                0x00000098       0x38 ./src/main.o
 .debug_aranges
                0x000000d0       0x30 ./src/max7221_graph.o
 .debug_aranges
                0x00000100       0x48 ./src/max7221_lib.o
 .debug_aranges
                0x00000148       0x30 ./src/power_mode.o
 .debug_aranges
                0x00000178       0x28 ./src/printf-retarget.o
 .debug_aranges
                0x000001a0       0x48 ./src/printf.o
 .debug_aranges
                0x000001e8       0x28 ./src/spi.o
 .debug_aranges
                0x00000210       0x30 ./src/system_LPC8xx.o
 .debug_aranges
                0x00000240       0x48 ./src/systick.o
 .debug_aranges
                0x00000288       0x48 ./src/uart.o

.debug_ranges   0x00000000      0x308
 .debug_ranges  0x00000000       0xc0 ./src/cr_startup_lpc8xx.o
 .debug_ranges  0x000000c0       0x28 ./src/gpio.o
 .debug_ranges  0x000000e8       0x28 ./src/main.o
 .debug_ranges  0x00000110       0x20 ./src/max7221_graph.o
 .debug_ranges  0x00000130       0x38 ./src/max7221_lib.o
 .debug_ranges  0x00000168       0x20 ./src/power_mode.o
 .debug_ranges  0x00000188       0x18 ./src/printf-retarget.o
 .debug_ranges  0x000001a0       0x38 ./src/printf.o
 .debug_ranges  0x000001d8       0x18 ./src/spi.o
 .debug_ranges  0x000001f0       0x20 ./src/system_LPC8xx.o
 .debug_ranges  0x00000210       0xa0 ./src/systick.o
 .debug_ranges  0x000002b0       0x58 ./src/uart.o

.debug_line     0x00000000     0x12ec
 .debug_line    0x00000000       0xde ./src/cr_startup_lpc8xx.o
 .debug_line    0x000000de      0x170 ./src/gpio.o
 .debug_line    0x0000024e      0x209 ./src/main.o
 .debug_line    0x00000457      0x110 ./src/max7221_graph.o
 .debug_line    0x00000567      0x20e ./src/max7221_lib.o
 .debug_line    0x00000775      0x199 ./src/power_mode.o
 .debug_line    0x0000090e       0x6d ./src/printf-retarget.o
 .debug_line    0x0000097b      0x241 ./src/printf.o
 .debug_line    0x00000bbc      0x176 ./src/spi.o
 .debug_line    0x00000d32      0x1a1 ./src/system_LPC8xx.o
 .debug_line    0x00000ed3      0x1ee ./src/systick.o
 .debug_line    0x000010c1      0x22b ./src/uart.o

.debug_str      0x00000000      0xc9d
 .debug_str     0x00000000      0x1d5 ./src/cr_startup_lpc8xx.o
                                0x1e8 (size before relaxing)
 .debug_str     0x000001d5      0x30b ./src/gpio.o
                                0x3d5 (size before relaxing)
 .debug_str     0x000004e0      0x141 ./src/main.o
                                0x495 (size before relaxing)
 .debug_str     0x00000621       0x6a ./src/max7221_graph.o
                                0x19d (size before relaxing)
 .debug_str     0x0000068b       0x9b ./src/max7221_lib.o
                                0x20b (size before relaxing)
 .debug_str     0x00000726       0x89 ./src/power_mode.o
                                0x3c7 (size before relaxing)
 .debug_str     0x000007af       0x26 ./src/printf-retarget.o
                                0x147 (size before relaxing)
 .debug_str     0x000007d5       0x78 ./src/printf.o
                                0x144 (size before relaxing)
 .debug_str     0x0000084d      0x257 ./src/spi.o
                                0x5e7 (size before relaxing)
 .debug_str     0x00000aa4       0x93 ./src/system_LPC8xx.o
                                0x3d1 (size before relaxing)
 .debug_str     0x00000b37       0xa2 ./src/systick.o
                                0x45f (size before relaxing)
 .debug_str     0x00000bd9       0xc4 ./src/uart.o
                                0x66e (size before relaxing)

.comment        0x00000000       0xe0
 .comment       0x00000000       0x70 ./src/cr_startup_lpc8xx.o
                                 0x71 (size before relaxing)
 .comment       0x00000000       0x71 ./src/gpio.o
 .comment       0x00000000       0x71 ./src/main.o
 .comment       0x00000000       0x71 ./src/max7221_graph.o
 .comment       0x00000000       0x71 ./src/max7221_lib.o
 .comment       0x00000000       0x71 ./src/power_mode.o
 .comment       0x00000000       0x71 ./src/printf-retarget.o
 .comment       0x00000000       0x71 ./src/printf.o
 .comment       0x00000000       0x71 ./src/spi.o
 .comment       0x00000000       0x71 ./src/system_LPC8xx.o
 .comment       0x00000000       0x71 ./src/systick.o
 .comment       0x00000000       0x71 ./src/uart.o
 .comment       0x00000070       0x70 c:/nxp/lpcxpresso_5.2.4_2122/lpcxpresso/tools/bin/../lib/gcc/arm-none-eabi/4.6.2/../../../../arm-none-eabi/lib/armv6-m\libcr_c.a(__weak__main.o)
                                 0x71 (size before relaxing)
 .comment       0x00000000       0x71 c:/nxp/lpcxpresso_5.2.4_2122/lpcxpresso/tools/bin/../lib/gcc/arm-none-eabi/4.6.2/../../../../arm-none-eabi/lib/armv6-m\libcr_c.a(strlen.o)

.ARM.attributes
                0x00000000       0x2f
 .ARM.attributes
                0x00000000       0x31 ./src/cr_startup_lpc8xx.o
 .ARM.attributes
                0x00000031       0x31 ./src/gpio.o
 .ARM.attributes
                0x00000062       0x31 ./src/main.o
 .ARM.attributes
                0x00000093       0x31 ./src/max7221_graph.o
 .ARM.attributes
                0x000000c4       0x31 ./src/max7221_lib.o
 .ARM.attributes
                0x000000f5       0x31 ./src/power_mode.o
 .ARM.attributes
                0x00000126       0x31 ./src/printf-retarget.o
 .ARM.attributes
                0x00000157       0x31 ./src/printf.o
 .ARM.attributes
                0x00000188       0x31 ./src/spi.o
 .ARM.attributes
                0x000001b9       0x31 ./src/system_LPC8xx.o
 .ARM.attributes
                0x000001ea       0x31 ./src/systick.o
 .ARM.attributes
                0x0000021b       0x31 ./src/uart.o
 .ARM.attributes
                0x0000024c       0x31 c:/nxp/lpcxpresso_5.2.4_2122/lpcxpresso/tools/bin/../lib/gcc/arm-none-eabi/4.6.2/../../../../arm-none-eabi/lib/armv6-m\libcr_c.a(__weak__main.o)
 .ARM.attributes
                0x0000027d       0x31 c:/nxp/lpcxpresso_5.2.4_2122/lpcxpresso/tools/bin/../lib/gcc/arm-none-eabi/4.6.2/../../../../arm-none-eabi/lib/armv6-m\libcr_c.a(strlen.o)
 .ARM.attributes
                0x000002ae       0x21 c:/nxp/lpcxpresso_5.2.4_2122/lpcxpresso/tools/bin/../lib/gcc/arm-none-eabi/4.6.2/armv6-m\libcr_eabihelpers.a(division.o)
 .ARM.attributes
                0x000002cf       0x21 c:/nxp/lpcxpresso_5.2.4_2122/lpcxpresso/tools/bin/../lib/gcc/arm-none-eabi/4.6.2/armv6-m\libcr_eabihelpers.a(thumb1_switch_helpers.o)

.debug_frame    0x00000000      0x5e4
 .debug_frame   0x00000000       0xec ./src/cr_startup_lpc8xx.o
 .debug_frame   0x000000ec       0x68 ./src/gpio.o
 .debug_frame   0x00000154       0x78 ./src/main.o
 .debug_frame   0x000001cc       0x68 ./src/max7221_graph.o
 .debug_frame   0x00000234       0xac ./src/max7221_lib.o
 .debug_frame   0x000002e0       0x40 ./src/power_mode.o
 .debug_frame   0x00000320       0x40 ./src/printf-retarget.o
 .debug_frame   0x00000360       0xcc ./src/printf.o
 .debug_frame   0x0000042c       0x48 ./src/spi.o
 .debug_frame   0x00000474       0x54 ./src/system_LPC8xx.o
 .debug_frame   0x000004c8       0x78 ./src/systick.o
 .debug_frame   0x00000540       0xa4 ./src/uart.o
