Archive member included because of file (symbol)

c:/nxp/lpcxpresso_5.2.4_2122/lpcxpresso/tools/bin/../lib/gcc/arm-none-eabi/4.6.2/../../../../arm-none-eabi/lib/armv6-m\libcr_c.a(__weak__main.o)
                              ./src/cr_startup_lpc8xx.o (__main)
c:/nxp/lpcxpresso_5.2.4_2122/lpcxpresso/tools/bin/../lib/gcc/arm-none-eabi/4.6.2/armv6-m\libcr_eabihelpers.a(division.o)
                              ./src/main.o (__aeabi_uidiv)

Allocating common symbols
Common symbol       size              file

i                   0x1               ./src/main.o
idx                 0x4               ./src/main.o
sample              0x2               ./src/main.o

Discarded input sections

 .text          0x00000000        0x0 ./src/cr_startup_lpc8xx.o
 .data          0x00000000        0x0 ./src/cr_startup_lpc8xx.o
 .bss           0x00000000        0x0 ./src/cr_startup_lpc8xx.o
 .text.data_init
                0x00000000       0x12 ./src/cr_startup_lpc8xx.o
 .text.bss_init
                0x00000000       0x12 ./src/cr_startup_lpc8xx.o
 .text          0x00000000        0x0 ./src/dds.o
 .data          0x00000000        0x0 ./src/dds.o
 .bss           0x00000000        0x0 ./src/dds.o
 .text          0x00000000        0x0 ./src/gpio.o
 .data          0x00000000        0x0 ./src/gpio.o
 .bss           0x00000000        0x0 ./src/gpio.o
 .text.gpioGetPinValue
                0x00000000       0x2e ./src/gpio.o
 .text.gpioSetValue
                0x00000000       0x1c ./src/gpio.o
 .text.gpioSetDir
                0x00000000       0x26 ./src/gpio.o
 .text          0x00000000        0x0 ./src/main.o
 .data          0x00000000        0x0 ./src/main.o
 .bss           0x00000000        0x0 ./src/main.o
 .text          0x00000000        0x0 ./src/mcp3004_lib.o
 .data          0x00000000        0x0 ./src/mcp3004_lib.o
 .bss           0x00000000        0x0 ./src/mcp3004_lib.o
 .text.RX_ADC   0x00000000       0x68 ./src/mcp3004_lib.o
 .text.RX_ADC_ch0
                0x00000000        0xa ./src/mcp3004_lib.o
 .text.RX_ADC_ch1
                0x00000000        0xa ./src/mcp3004_lib.o
 .text.RX_ADC_ch2
                0x00000000        0xa ./src/mcp3004_lib.o
 .text.RX_ADC_ch3
                0x00000000        0xa ./src/mcp3004_lib.o
 .text          0x00000000        0x0 ./src/mrt.o
 .data          0x00000000        0x0 ./src/mrt.o
 .bss           0x00000000        0x0 ./src/mrt.o
 .text.mrtDelay
                0x00000000       0x14 ./src/mrt.o
 .text.getTimerTick
                0x00000000        0xc ./src/mrt.o
 .text.getTimerTickDiff
                0x00000000        0xc ./src/mrt.o
 .text          0x00000000        0x0 ./src/power_mode.o
 .data          0x00000000        0x0 ./src/power_mode.o
 .bss           0x00000000        0x0 ./src/power_mode.o
 .text.sleep    0x00000000       0x1c ./src/power_mode.o
 .text.deep_sleep
                0x00000000       0x30 ./src/power_mode.o
 .text.power_down
                0x00000000       0x30 ./src/power_mode.o
 .text          0x00000000        0x0 ./src/printf-retarget.o
 .data          0x00000000        0x0 ./src/printf-retarget.o
 .bss           0x00000000        0x0 ./src/printf-retarget.o
 .text.putchar  0x00000000        0x8 ./src/printf-retarget.o
 .text.puts     0x00000000       0x14 ./src/printf-retarget.o
 .text          0x00000000        0x0 ./src/printf.o
 .data          0x00000000        0x0 ./src/printf.o
 .bss           0x00000000        0x0 ./src/printf.o
 .text.printchar
                0x00000000       0x1a ./src/printf.o
 .text.prints   0x00000000       0x7a ./src/printf.o
 .text.printi   0x00000000       0xa6 ./src/printf.o
 .text.print    0x00000000      0x118 ./src/printf.o
 .text.printf   0x00000000       0x18 ./src/printf.o
 .text.sprintf  0x00000000       0x1a ./src/printf.o
 .rodata.str1.1
                0x00000000        0x7 ./src/printf.o
 .text          0x00000000        0x0 ./src/spi.o
 .data          0x00000000        0x0 ./src/spi.o
 .bss           0x00000000        0x0 ./src/spi.o
 .text.spiTransfer
                0x00000000       0x20 ./src/spi.o
 .text          0x00000000        0x0 ./src/system_LPC8xx.o
 .data          0x00000000        0x0 ./src/system_LPC8xx.o
 .bss           0x00000000        0x0 ./src/system_LPC8xx.o
 .text.__delayticks
                0x00000000        0x6 ./src/system_LPC8xx.o
 .text.SystemInit
                0x00000000       0x68 ./src/system_LPC8xx.o
 .text          0x00000000        0x0 ./src/uart.o
 .data          0x00000000        0x0 ./src/uart.o
 .bss           0x00000000        0x0 ./src/uart.o
 .text.uart0Send
                0x00000000       0x18 ./src/uart.o
 .text.uart0ReceiveChar
                0x00000000       0x18 ./src/uart.o
 .text.uart0ReceiveLine
                0x00000000       0x22 ./src/uart.o
 .text.uart0ReceiveReady
                0x00000000       0x10 ./src/uart.o
 .text.uart0ReceiveLineAsync
                0x00000000       0x5a ./src/uart.o
 .text          0x00000000        0x0 ./src/xmon_lib.o
 .data          0x00000000        0x0 ./src/xmon_lib.o
 .bss           0x00000000        0x0 ./src/xmon_lib.o
 .text.XMon_plotf
                0x00000000       0x4c ./src/xmon_lib.o
 .text.XMon_viewf
                0x00000000       0x4c ./src/xmon_lib.o
 .text.XMon_plotl
                0x00000000       0x4c ./src/xmon_lib.o
 .text.XMon_viewl
                0x00000000       0x4c ./src/xmon_lib.o
 .text.XMon_view
                0x00000000       0x32 ./src/xmon_lib.o
 .text.XMon_autoscale
                0x00000000       0x18 ./src/xmon_lib.o
 .text          0x00000000        0x0 c:/nxp/lpcxpresso_5.2.4_2122/lpcxpresso/tools/bin/../lib/gcc/arm-none-eabi/4.6.2/../../../../arm-none-eabi/lib/armv6-m\libcr_c.a(__weak__main.o)
 .data          0x00000000        0x0 c:/nxp/lpcxpresso_5.2.4_2122/lpcxpresso/tools/bin/../lib/gcc/arm-none-eabi/4.6.2/../../../../arm-none-eabi/lib/armv6-m\libcr_c.a(__weak__main.o)
 .bss           0x00000000        0x0 c:/nxp/lpcxpresso_5.2.4_2122/lpcxpresso/tools/bin/../lib/gcc/arm-none-eabi/4.6.2/../../../../arm-none-eabi/lib/armv6-m\libcr_c.a(__weak__main.o)
 .text          0x00000000        0x0 c:/nxp/lpcxpresso_5.2.4_2122/lpcxpresso/tools/bin/../lib/gcc/arm-none-eabi/4.6.2/armv6-m\libcr_eabihelpers.a(division.o)
 .data          0x00000000        0x0 c:/nxp/lpcxpresso_5.2.4_2122/lpcxpresso/tools/bin/../lib/gcc/arm-none-eabi/4.6.2/armv6-m\libcr_eabihelpers.a(division.o)
 .bss           0x00000000        0x0 c:/nxp/lpcxpresso_5.2.4_2122/lpcxpresso/tools/bin/../lib/gcc/arm-none-eabi/4.6.2/armv6-m\libcr_eabihelpers.a(division.o)
 .text.__aeabi_division_idivmod
                0x00000000        0x6 c:/nxp/lpcxpresso_5.2.4_2122/lpcxpresso/tools/bin/../lib/gcc/arm-none-eabi/4.6.2/armv6-m\libcr_eabihelpers.a(division.o)
 .text.__aeabi_division_ldiv0
                0x00000000        0x2 c:/nxp/lpcxpresso_5.2.4_2122/lpcxpresso/tools/bin/../lib/gcc/arm-none-eabi/4.6.2/armv6-m\libcr_eabihelpers.a(division.o)
 .text.__aeabi_division_idivq31+15
                0x00000000      0x188 c:/nxp/lpcxpresso_5.2.4_2122/lpcxpresso/tools/bin/../lib/gcc/arm-none-eabi/4.6.2/armv6-m\libcr_eabihelpers.a(division.o)

Memory Configuration

Name             Origin             Length             Attributes
MFlash4          0x00000000         0x00001000         xr
RamLoc1          0x10000000         0x00000400         xrw
*default*        0x00000000         0xffffffff

Linker script and memory map

LOAD ./src/cr_startup_lpc8xx.o
LOAD ./src/dds.o
LOAD ./src/gpio.o
LOAD ./src/main.o
LOAD ./src/mcp3004_lib.o
LOAD ./src/mrt.o
LOAD ./src/power_mode.o
LOAD ./src/printf-retarget.o
LOAD ./src/printf.o
LOAD ./src/spi.o
LOAD ./src/system_LPC8xx.o
LOAD ./src/uart.o
LOAD ./src/xmon_lib.o
START GROUP
LOAD c:/nxp/lpcxpresso_5.2.4_2122/lpcxpresso/tools/bin/../lib/gcc/arm-none-eabi/4.6.2/../../../../arm-none-eabi/lib/armv6-m\libcr_c.a
LOAD c:/nxp/lpcxpresso_5.2.4_2122/lpcxpresso/tools/bin/../lib/gcc/arm-none-eabi/4.6.2/armv6-m\libcr_eabihelpers.a
END GROUP
                0x00001000                __top_MFlash4 = 0x1000
                0x10000400                __top_RamLoc1 = 0x10000400

.text           0x00000000      0x7dc
 FILL mask 0xff
                0x00000000                __vectors_start__ = ABSOLUTE (.)
 *(.isr_vector)
 .isr_vector    0x00000000       0xc0 ./src/cr_startup_lpc8xx.o
                0x00000000                g_pfnVectors
                0x000000c0                . = ALIGN (0x4)
                0x000000c0                __section_table_start = .
                0x000000c0                __data_section_table = .
                0x000000c0        0x4 LONG 0x7dc LOADADDR (.data)
                0x000000c4        0x4 LONG 0x10000000 ADDR (.data)
                0x000000c8        0x4 LONG 0x204 SIZEOF (.data)
                0x000000cc                __data_section_table_end = .
                0x000000cc                __bss_section_table = .
                0x000000cc        0x4 LONG 0x10000204 ADDR (.bss)
                0x000000d0        0x4 LONG 0x20 SIZEOF (.bss)
                0x000000d4                __bss_section_table_end = .
                0x000000d4                __section_table_end = .
 *(.after_vectors*)
 .after_vectors
                0x000000d4       0x6c ./src/cr_startup_lpc8xx.o
                0x000000d4                NMI_Handler
                0x000000d8                HardFault_Handler
                0x000000dc                PendSV_Handler
                0x000000e0                SysTick_Handler
                0x000000e4                ResetISR
                0x00000138                SVCall_Handler
                0x0000013c                PININT2_IRQHandler
                0x0000013c                PININT1_IRQHandler
                0x0000013c                WKT_IRQHandler
                0x0000013c                PININT7_IRQHandler
                0x0000013c                UART1_IRQHandler
                0x0000013c                UART0_IRQHandler
                0x0000013c                SPI1_IRQHandler
                0x0000013c                CMP_IRQHandler
                0x0000013c                PININT3_IRQHandler
                0x0000013c                UART2_IRQHandler
                0x0000013c                PININT5_IRQHandler
                0x0000013c                PININT4_IRQHandler
                0x0000013c                PININT0_IRQHandler
                0x0000013c                BOD_IRQHandler
                0x0000013c                SCT_IRQHandler
                0x0000013c                I2C_IRQHandler
                0x0000013c                WDT_IRQHandler
                0x0000013c                PININT6_IRQHandler
                0x0000013c                SPI0_IRQHandler
                0x0000013c                IntDefaultHandler
                0x000002fc                . = 0x2fc
 *fill*         0x00000140      0x1bc ff
                0x000002fc                PROVIDE (__CRP_WORD_START__, .)
 *(.crp)
 .crp           0x000002fc        0x4 ./src/main.o
                0x000002fc                CRP_WORD
                0x00000300                PROVIDE (__CRP_WORD_END__, .)
                0x00000001                ASSERT (! ((__CRP_WORD_START__ == __CRP_WORD_END__)), Linker CRP Enabled, but no CRP_WORD provided within application)
 *(.text*)
 .text.dds_sample
                0x00000300       0x30 ./src/dds.o
                0x00000300                dds_sample
 .text.ddsInit  0x00000330       0x28 ./src/dds.o
                0x00000330                ddsInit
 .text.gpioInit
                0x00000358       0x28 ./src/gpio.o
                0x00000358                gpioInit
 .text.SwitchMatrix_Init
                0x00000380       0x38 ./src/main.o
                0x00000380                SwitchMatrix_Init
 .text.main     0x000003b8       0x98 ./src/main.o
                0x000003b8                main
 .text.MRT_IRQHandler
                0x00000450       0x2c ./src/mrt.o
                0x00000450                MRT_IRQHandler
 .text.mrtInit  0x0000047c       0x4c ./src/mrt.o
                0x0000047c                mrtInit
 .text.spiInit  0x000004c8       0x3c ./src/spi.o
                0x000004c8                spiInit
 .text.SystemCoreClockUpdate
                0x00000504       0x88 ./src/system_LPC8xx.o
                0x00000504                SystemCoreClockUpdate
 .text.uart0Init
                0x0000058c       0x9c ./src/uart.o
                0x0000058c                uart0Init
 .text.uart0SendChar
                0x00000628       0x18 ./src/uart.o
                0x00000628                uart0SendChar
 .text.XMon_Init
                0x00000640        0xc ./src/xmon_lib.o
                0x00000640                XMon_Init
 .text.XMon_plotZero
                0x0000064c       0x18 ./src/xmon_lib.o
                0x0000064c                XMon_plotZero
 .text.XMon_plot
                0x00000664       0x32 ./src/xmon_lib.o
                0x00000664                XMon_plot
 .text.__weak_main
                0x00000696        0x8 c:/nxp/lpcxpresso_5.2.4_2122/lpcxpresso/tools/bin/../lib/gcc/arm-none-eabi/4.6.2/../../../../arm-none-eabi/lib/armv6-m\libcr_c.a(__weak__main.o)
                0x00000696                __weak_main
                0x00000696                __main
 .text.__aeabi_division_uidivmod
                0x0000069e       0x72 c:/nxp/lpcxpresso_5.2.4_2122/lpcxpresso/tools/bin/../lib/gcc/arm-none-eabi/4.6.2/armv6-m\libcr_eabihelpers.a(division.o)
                0x0000069e                __aeabi_uidivmod
                0x0000069e                __aeabi_uidiv
 .text.__aeabi_division_uldivmod
                0x00000710       0x5a c:/nxp/lpcxpresso_5.2.4_2122/lpcxpresso/tools/bin/../lib/gcc/arm-none-eabi/4.6.2/armv6-m\libcr_eabihelpers.a(division.o)
                0x00000710                __aeabi_uldivmod
 .text.__aeabi_division_ldivmod
                0x0000076a       0x32 c:/nxp/lpcxpresso_5.2.4_2122/lpcxpresso/tools/bin/../lib/gcc/arm-none-eabi/4.6.2/armv6-m\libcr_eabihelpers.a(division.o)
                0x0000076a                __aeabi_ldivmod
 .text.__aeabi_division_idiv0
                0x0000079c        0x2 c:/nxp/lpcxpresso_5.2.4_2122/lpcxpresso/tools/bin/../lib/gcc/arm-none-eabi/4.6.2/armv6-m\libcr_eabihelpers.a(division.o)
                0x0000079c                __aeabi_idiv0
 *(.rodata .rodata.*)
 *fill*         0x0000079e        0x2 00
 .rodata.CSWTCH.6
                0x000007a0       0x3c ./src/system_LPC8xx.o
                0x000007dc                . = ALIGN (0x4)

.glue_7         0x000007dc        0x0
 .glue_7        0x00000000        0x0 linker stubs

.glue_7t        0x000007dc        0x0
 .glue_7t       0x00000000        0x0 linker stubs

.vfp11_veneer   0x000007dc        0x0
 .vfp11_veneer  0x00000000        0x0 linker stubs

.v4_bx          0x000007dc        0x0
 .v4_bx         0x00000000        0x0 linker stubs

.ARM.extab
 *(.ARM.extab* .gnu.linkonce.armextab.*)
                0x000007dc                __exidx_start = .

.ARM.exidx
 *(.ARM.exidx* .gnu.linkonce.armexidx.*)
                0x000007dc                __exidx_end = .
                0x000007dc                _etext = .

.mtb_buffer_default
 *(.mtb*)

.uninit_RESERVED
                0x10000000        0x0
 *(.bss.$RESERVED*)
                0x10000000                . = ALIGN (0x4)
                0x10000000                _end_uninit_RESERVED = .

.data           0x10000000      0x204 load address 0x000007dc
 FILL mask 0xff
                0x10000000                _data = .
 *(vtable)
 *(.data*)
 .data.sine_table
                0x10000000      0x200 ./src/dds.o
                0x10000000                sine_table
 .data.SystemCoreClock
                0x10000200        0x4 ./src/system_LPC8xx.o
                0x10000200                SystemCoreClock
                0x10000204                . = ALIGN (0x4)
                0x10000204                _edata = .

.bss            0x10000204       0x20 load address 0x000009e0
                0x10000204                _bss = .
 *(.bss*)
 .bss.accum     0x10000204        0x4 ./src/dds.o
 .bss.freq      0x10000208        0x4 ./src/dds.o
 .bss.freq_mult
                0x1000020c        0x4 ./src/dds.o
 .bss.timertick
                0x10000210        0x4 ./src/mrt.o
                0x10000210                timertick
 .bss.mrt_counter
                0x10000214        0x4 ./src/mrt.o
                0x10000214                mrt_counter
 *(COMMON)
 COMMON         0x10000218        0xa ./src/main.o
                0x10000218                i
                0x1000021c                idx
                0x10000220                sample
                0x10000224                . = ALIGN (0x4)
 *fill*         0x10000222        0x2 00
                0x10000224                _ebss = .
                0x10000224                PROVIDE (end, .)

.noinit         0x10000224        0x0 load address 0x000009e0
                0x10000224                _noinit = .
 *(.noinit*)
                0x10000224                . = ALIGN (0x4)
                0x10000224                _end_noinit = .
                0x10000224                PROVIDE (_pvHeapStart, .)
                0x10000400                PROVIDE (_vStackTop, (__top_RamLoc1 - 0x0))
OUTPUT(LPC810_DDS.axf elf32-littlearm)

.debug_info     0x00000000     0x3d83
 .debug_info    0x00000000      0x321 ./src/cr_startup_lpc8xx.o
 .debug_info    0x00000321      0x112 ./src/dds.o
 .debug_info    0x00000433      0x69b ./src/gpio.o
 .debug_info    0x00000ace      0x6b2 ./src/main.o
 .debug_info    0x00001180      0x257 ./src/mcp3004_lib.o
 .debug_info    0x000013d7      0x7d6 ./src/mrt.o
 .debug_info    0x00001bad      0x5ab ./src/power_mode.o
 .debug_info    0x00002158       0xff ./src/printf-retarget.o
 .debug_info    0x00002257      0x377 ./src/printf.o
 .debug_info    0x000025ce      0x782 ./src/spi.o
 .debug_info    0x00002d50      0x533 ./src/system_LPC8xx.o
 .debug_info    0x00003283      0x8cd ./src/uart.o
 .debug_info    0x00003b50      0x233 ./src/xmon_lib.o

.debug_abbrev   0x00000000      0xf1a
 .debug_abbrev  0x00000000      0x13b ./src/cr_startup_lpc8xx.o
 .debug_abbrev  0x0000013b       0xbd ./src/dds.o
 .debug_abbrev  0x000001f8      0x13d ./src/gpio.o
 .debug_abbrev  0x00000335      0x147 ./src/main.o
 .debug_abbrev  0x0000047c       0xe5 ./src/mcp3004_lib.o
 .debug_abbrev  0x00000561      0x1b3 ./src/mrt.o
 .debug_abbrev  0x00000714      0x104 ./src/power_mode.o
 .debug_abbrev  0x00000818       0xab ./src/printf-retarget.o
 .debug_abbrev  0x000008c3      0x194 ./src/printf.o
 .debug_abbrev  0x00000a57      0x16c ./src/spi.o
 .debug_abbrev  0x00000bc3      0x105 ./src/system_LPC8xx.o
 .debug_abbrev  0x00000cc8      0x1dc ./src/uart.o
 .debug_abbrev  0x00000ea4       0x76 ./src/xmon_lib.o

.debug_loc      0x00000000     0x1313
 .debug_loc     0x00000000      0x390 ./src/cr_startup_lpc8xx.o
 .debug_loc     0x00000390       0x9c ./src/dds.o
 .debug_loc     0x0000042c      0x14e ./src/gpio.o
 .debug_loc     0x0000057a       0x20 ./src/main.o
 .debug_loc     0x0000059a      0x140 ./src/mcp3004_lib.o
 .debug_loc     0x000006da       0xa1 ./src/mrt.o
 .debug_loc     0x0000077b       0x84 ./src/printf-retarget.o
 .debug_loc     0x000007ff      0x533 ./src/printf.o
 .debug_loc     0x00000d32       0x66 ./src/spi.o
 .debug_loc     0x00000d98       0x72 ./src/system_LPC8xx.o
 .debug_loc     0x00000e0a      0x262 ./src/uart.o
 .debug_loc     0x0000106c      0x2a7 ./src/xmon_lib.o

.debug_aranges  0x00000000      0x310
 .debug_aranges
                0x00000000       0x60 ./src/cr_startup_lpc8xx.o
 .debug_aranges
                0x00000060       0x28 ./src/dds.o
 .debug_aranges
                0x00000088       0x38 ./src/gpio.o
 .debug_aranges
                0x000000c0       0x28 ./src/main.o
 .debug_aranges
                0x000000e8       0x40 ./src/mcp3004_lib.o
 .debug_aranges
                0x00000128       0x40 ./src/mrt.o
 .debug_aranges
                0x00000168       0x30 ./src/power_mode.o
 .debug_aranges
                0x00000198       0x28 ./src/printf-retarget.o
 .debug_aranges
                0x000001c0       0x48 ./src/printf.o
 .debug_aranges
                0x00000208       0x28 ./src/spi.o
 .debug_aranges
                0x00000230       0x30 ./src/system_LPC8xx.o
 .debug_aranges
                0x00000260       0x50 ./src/uart.o
 .debug_aranges
                0x000002b0       0x60 ./src/xmon_lib.o

.debug_ranges   0x00000000      0x2d0
 .debug_ranges  0x00000000       0xc0 ./src/cr_startup_lpc8xx.o
 .debug_ranges  0x000000c0       0x18 ./src/dds.o
 .debug_ranges  0x000000d8       0x28 ./src/gpio.o
 .debug_ranges  0x00000100       0x18 ./src/main.o
 .debug_ranges  0x00000118       0x30 ./src/mcp3004_lib.o
 .debug_ranges  0x00000148       0x30 ./src/mrt.o
 .debug_ranges  0x00000178       0x20 ./src/power_mode.o
 .debug_ranges  0x00000198       0x18 ./src/printf-retarget.o
 .debug_ranges  0x000001b0       0x38 ./src/printf.o
 .debug_ranges  0x000001e8       0x18 ./src/spi.o
 .debug_ranges  0x00000200       0x20 ./src/system_LPC8xx.o
 .debug_ranges  0x00000220       0x60 ./src/uart.o
 .debug_ranges  0x00000280       0x50 ./src/xmon_lib.o

.debug_line     0x00000000     0x1289
 .debug_line    0x00000000       0xde ./src/cr_startup_lpc8xx.o
 .debug_line    0x000000de       0x53 ./src/dds.o
 .debug_line    0x00000131      0x17b ./src/gpio.o
 .debug_line    0x000002ac      0x178 ./src/main.o
 .debug_line    0x00000424      0x1b7 ./src/mcp3004_lib.o
 .debug_line    0x000005db      0x1b1 ./src/mrt.o
 .debug_line    0x0000078c      0x1a4 ./src/power_mode.o
 .debug_line    0x00000930       0x6d ./src/printf-retarget.o
 .debug_line    0x0000099d      0x241 ./src/printf.o
 .debug_line    0x00000bde      0x181 ./src/spi.o
 .debug_line    0x00000d5f      0x1ac ./src/system_LPC8xx.o
 .debug_line    0x00000f0b      0x25d ./src/uart.o
 .debug_line    0x00001168      0x121 ./src/xmon_lib.o

.debug_str      0x00000000      0xc95
 .debug_str     0x00000000      0x1e0 ./src/cr_startup_lpc8xx.o
                                0x1f3 (size before relaxing)
 .debug_str     0x000001e0       0x6b ./src/dds.o
                                0x14d (size before relaxing)
 .debug_str     0x0000024b      0x2e3 ./src/gpio.o
                                0x3e0 (size before relaxing)
 .debug_str     0x0000052e      0x10c ./src/main.o
                                0x47e (size before relaxing)
 .debug_str     0x0000063a       0x4d ./src/mcp3004_lib.o
                                0x1e0 (size before relaxing)
 .debug_str     0x00000687      0x2e1 ./src/mrt.o
                                0x639 (size before relaxing)
 .debug_str     0x00000968       0x89 ./src/power_mode.o
                                0x3d2 (size before relaxing)
 .debug_str     0x000009f1       0x26 ./src/printf-retarget.o
                                0x152 (size before relaxing)
 .debug_str     0x00000a17       0x78 ./src/printf.o
                                0x14f (size before relaxing)
 .debug_str     0x00000a8f       0x36 ./src/spi.o
                                0x5f2 (size before relaxing)
 .debug_str     0x00000ac5       0x83 ./src/system_LPC8xx.o
                                0x3dc (size before relaxing)
 .debug_str     0x00000b48       0xc3 ./src/uart.o
                                0x679 (size before relaxing)
 .debug_str     0x00000c0b       0x8a ./src/xmon_lib.o
                                0x1bb (size before relaxing)

.comment        0x00000000       0xe0
 .comment       0x00000000       0x70 ./src/cr_startup_lpc8xx.o
                                 0x71 (size before relaxing)
 .comment       0x00000000       0x71 ./src/dds.o
 .comment       0x00000000       0x71 ./src/gpio.o
 .comment       0x00000000       0x71 ./src/main.o
 .comment       0x00000000       0x71 ./src/mcp3004_lib.o
 .comment       0x00000000       0x71 ./src/mrt.o
 .comment       0x00000000       0x71 ./src/power_mode.o
 .comment       0x00000000       0x71 ./src/printf-retarget.o
 .comment       0x00000000       0x71 ./src/printf.o
 .comment       0x00000000       0x71 ./src/spi.o
 .comment       0x00000000       0x71 ./src/system_LPC8xx.o
 .comment       0x00000000       0x71 ./src/uart.o
 .comment       0x00000000       0x71 ./src/xmon_lib.o
 .comment       0x00000070       0x70 c:/nxp/lpcxpresso_5.2.4_2122/lpcxpresso/tools/bin/../lib/gcc/arm-none-eabi/4.6.2/../../../../arm-none-eabi/lib/armv6-m\libcr_c.a(__weak__main.o)
                                 0x71 (size before relaxing)

.ARM.attributes
                0x00000000       0x2f
 .ARM.attributes
                0x00000000       0x31 ./src/cr_startup_lpc8xx.o
 .ARM.attributes
                0x00000031       0x31 ./src/dds.o
 .ARM.attributes
                0x00000062       0x31 ./src/gpio.o
 .ARM.attributes
                0x00000093       0x31 ./src/main.o
 .ARM.attributes
                0x000000c4       0x31 ./src/mcp3004_lib.o
 .ARM.attributes
                0x000000f5       0x31 ./src/mrt.o
 .ARM.attributes
                0x00000126       0x31 ./src/power_mode.o
 .ARM.attributes
                0x00000157       0x31 ./src/printf-retarget.o
 .ARM.attributes
                0x00000188       0x31 ./src/printf.o
 .ARM.attributes
                0x000001b9       0x31 ./src/spi.o
 .ARM.attributes
                0x000001ea       0x31 ./src/system_LPC8xx.o
 .ARM.attributes
                0x0000021b       0x31 ./src/uart.o
 .ARM.attributes
                0x0000024c       0x31 ./src/xmon_lib.o
 .ARM.attributes
                0x0000027d       0x31 c:/nxp/lpcxpresso_5.2.4_2122/lpcxpresso/tools/bin/../lib/gcc/arm-none-eabi/4.6.2/../../../../arm-none-eabi/lib/armv6-m\libcr_c.a(__weak__main.o)
 .ARM.attributes
                0x000002ae       0x21 c:/nxp/lpcxpresso_5.2.4_2122/lpcxpresso/tools/bin/../lib/gcc/arm-none-eabi/4.6.2/armv6-m\libcr_eabihelpers.a(division.o)

.debug_frame    0x00000000      0x68c
 .debug_frame   0x00000000       0xec ./src/cr_startup_lpc8xx.o
 .debug_frame   0x000000ec       0x38 ./src/dds.o
 .debug_frame   0x00000124       0x68 ./src/gpio.o
 .debug_frame   0x0000018c       0x3c ./src/main.o
 .debug_frame   0x000001c8       0x88 ./src/mcp3004_lib.o
 .debug_frame   0x00000250       0x78 ./src/mrt.o
 .debug_frame   0x000002c8       0x40 ./src/power_mode.o
 .debug_frame   0x00000308       0x40 ./src/printf-retarget.o
 .debug_frame   0x00000348       0xcc ./src/printf.o
 .debug_frame   0x00000414       0x48 ./src/spi.o
 .debug_frame   0x0000045c       0x54 ./src/system_LPC8xx.o
 .debug_frame   0x000004b0       0xcc ./src/uart.o
 .debug_frame   0x0000057c      0x110 ./src/xmon_lib.o
