Archive member included because of file (symbol)

c:/nxp/lpcxpresso_5.2.4_2122/lpcxpresso/tools/bin/../lib/gcc/arm-none-eabi/4.6.2/../../../../arm-none-eabi/lib/armv6-m\libcr_c.a(__weak__main.o)
                              ./src/cr_startup_lpc8xx.o (__main)
c:/nxp/lpcxpresso_5.2.4_2122/lpcxpresso/tools/bin/../lib/gcc/arm-none-eabi/4.6.2/armv6-m\libcr_eabihelpers.a(division.o)
                              ./src/main.o (__aeabi_uidiv)

Discarded input sections

 .text          0x00000000        0x0 ./src/cr_startup_lpc8xx.o
 .data          0x00000000        0x0 ./src/cr_startup_lpc8xx.o
 .bss           0x00000000        0x0 ./src/cr_startup_lpc8xx.o
 .text          0x00000000        0x0 ./src/gpio.o
 .data          0x00000000        0x0 ./src/gpio.o
 .bss           0x00000000        0x0 ./src/gpio.o
 .text.gpioGetPinValue
                0x00000000       0x2e ./src/gpio.o
 .text          0x00000000        0x0 ./src/main.o
 .data          0x00000000        0x0 ./src/main.o
 .bss           0x00000000        0x0 ./src/main.o
 .text.configurePins
                0x00000000       0x28 ./src/main.o
 .text          0x00000000        0x0 ./src/mrt.o
 .data          0x00000000        0x0 ./src/mrt.o
 .bss           0x00000000        0x0 ./src/mrt.o
 .text          0x00000000        0x0 ./src/power_mode.o
 .data          0x00000000        0x0 ./src/power_mode.o
 .bss           0x00000000        0x0 ./src/power_mode.o
 .text.sleep    0x00000000       0x1c ./src/power_mode.o
 .text.deep_sleep
                0x00000000       0x30 ./src/power_mode.o
 .text.power_down
                0x00000000       0x30 ./src/power_mode.o
 .text          0x00000000        0x0 ./src/printf-retarget.o
 .data          0x00000000        0x0 ./src/printf-retarget.o
 .bss           0x00000000        0x0 ./src/printf-retarget.o
 .text.puts     0x00000000       0x14 ./src/printf-retarget.o
 .text          0x00000000        0x0 ./src/printf.o
 .data          0x00000000        0x0 ./src/printf.o
 .bss           0x00000000        0x0 ./src/printf.o
 .text.sprintf  0x00000000       0x1a ./src/printf.o
 .text          0x00000000        0x0 ./src/spi.o
 .data          0x00000000        0x0 ./src/spi.o
 .bss           0x00000000        0x0 ./src/spi.o
 .text.spiInit  0x00000000       0x34 ./src/spi.o
 .text.spiTransfer
                0x00000000       0x20 ./src/spi.o
 .text          0x00000000        0x0 ./src/system_LPC8xx.o
 .data          0x00000000        0x0 ./src/system_LPC8xx.o
 .bss           0x00000000        0x0 ./src/system_LPC8xx.o
 .text.SystemInit
                0x00000000       0xa0 ./src/system_LPC8xx.o
 .text          0x00000000        0x0 ./src/uart.o
 .data          0x00000000        0x0 ./src/uart.o
 .bss           0x00000000        0x0 ./src/uart.o
 .text.uart0Send
                0x00000000       0x18 ./src/uart.o
 .text.uart0ReceiveLine
                0x00000000       0x22 ./src/uart.o
 .text          0x00000000        0x0 c:/nxp/lpcxpresso_5.2.4_2122/lpcxpresso/tools/bin/../lib/gcc/arm-none-eabi/4.6.2/../../../../arm-none-eabi/lib/armv6-m\libcr_c.a(__weak__main.o)
 .data          0x00000000        0x0 c:/nxp/lpcxpresso_5.2.4_2122/lpcxpresso/tools/bin/../lib/gcc/arm-none-eabi/4.6.2/../../../../arm-none-eabi/lib/armv6-m\libcr_c.a(__weak__main.o)
 .bss           0x00000000        0x0 c:/nxp/lpcxpresso_5.2.4_2122/lpcxpresso/tools/bin/../lib/gcc/arm-none-eabi/4.6.2/../../../../arm-none-eabi/lib/armv6-m\libcr_c.a(__weak__main.o)
 .text          0x00000000        0x0 c:/nxp/lpcxpresso_5.2.4_2122/lpcxpresso/tools/bin/../lib/gcc/arm-none-eabi/4.6.2/armv6-m\libcr_eabihelpers.a(division.o)
 .data          0x00000000        0x0 c:/nxp/lpcxpresso_5.2.4_2122/lpcxpresso/tools/bin/../lib/gcc/arm-none-eabi/4.6.2/armv6-m\libcr_eabihelpers.a(division.o)
 .bss           0x00000000        0x0 c:/nxp/lpcxpresso_5.2.4_2122/lpcxpresso/tools/bin/../lib/gcc/arm-none-eabi/4.6.2/armv6-m\libcr_eabihelpers.a(division.o)
 .text.__aeabi_division_idivmod
                0x00000000        0x6 c:/nxp/lpcxpresso_5.2.4_2122/lpcxpresso/tools/bin/../lib/gcc/arm-none-eabi/4.6.2/armv6-m\libcr_eabihelpers.a(division.o)
 .text.__aeabi_division_uldivmod
                0x00000000       0x5a c:/nxp/lpcxpresso_5.2.4_2122/lpcxpresso/tools/bin/../lib/gcc/arm-none-eabi/4.6.2/armv6-m\libcr_eabihelpers.a(division.o)
 .text.__aeabi_division_ldivmod
                0x00000000       0x32 c:/nxp/lpcxpresso_5.2.4_2122/lpcxpresso/tools/bin/../lib/gcc/arm-none-eabi/4.6.2/armv6-m\libcr_eabihelpers.a(division.o)
 .text.__aeabi_division_ldiv0
                0x00000000        0x2 c:/nxp/lpcxpresso_5.2.4_2122/lpcxpresso/tools/bin/../lib/gcc/arm-none-eabi/4.6.2/armv6-m\libcr_eabihelpers.a(division.o)
 .text.__aeabi_division_idivq31+15
                0x00000000      0x188 c:/nxp/lpcxpresso_5.2.4_2122/lpcxpresso/tools/bin/../lib/gcc/arm-none-eabi/4.6.2/armv6-m\libcr_eabihelpers.a(division.o)

Memory Configuration

Name             Origin             Length             Attributes
MFlash4          0x00000000         0x00001000         xr
RamLoc1          0x10000000         0x00000400         xrw
*default*        0x00000000         0xffffffff

Linker script and memory map

LOAD ./src/cr_startup_lpc8xx.o
LOAD ./src/gpio.o
LOAD ./src/main.o
LOAD ./src/mrt.o
LOAD ./src/power_mode.o
LOAD ./src/printf-retarget.o
LOAD ./src/printf.o
LOAD ./src/spi.o
LOAD ./src/system_LPC8xx.o
LOAD ./src/uart.o
START GROUP
LOAD c:/nxp/lpcxpresso_5.2.4_2122/lpcxpresso/tools/bin/../lib/gcc/arm-none-eabi/4.6.2/../../../../arm-none-eabi/lib/armv6-m\libcr_c.a
LOAD c:/nxp/lpcxpresso_5.2.4_2122/lpcxpresso/tools/bin/../lib/gcc/arm-none-eabi/4.6.2/armv6-m\libcr_eabihelpers.a
END GROUP
                0x00001000                __top_MFlash4 = 0x1000
                0x10000400                __top_RamLoc1 = 0x10000400

.text           0x00000000      0x9f8
 FILL mask 0xff
                0x00000000                __vectors_start__ = ABSOLUTE (.)
 *(.isr_vector)
 .isr_vector    0x00000000       0xc0 ./src/cr_startup_lpc8xx.o
                0x00000000                g_pfnVectors
                0x000000c0                . = ALIGN (0x4)
                0x000000c0                __section_table_start = .
                0x000000c0                __data_section_table = .
                0x000000c0        0x4 LONG 0x9f8 LOADADDR (.data)
                0x000000c4        0x4 LONG 0x10000000 ADDR (.data)
                0x000000c8        0x4 LONG 0x4 SIZEOF (.data)
                0x000000cc                __data_section_table_end = .
                0x000000cc                __bss_section_table = .
                0x000000cc        0x4 LONG 0x10000004 ADDR (.bss)
                0x000000d0        0x4 LONG 0x8 SIZEOF (.bss)
                0x000000d4                __bss_section_table_end = .
                0x000000d4                __section_table_end = .
 *(.after_vectors*)
 .after_vectors
                0x000000d4       0x7c ./src/cr_startup_lpc8xx.o
                0x000000d4                NMI_Handler
                0x000000d8                HardFault_Handler
                0x000000dc                PendSV_Handler
                0x000000e0                SysTick_Handler
                0x000000e4                data_init
                0x000000f6                bss_init
                0x00000108                ResetISR
                0x00000148                SVCall_Handler
                0x0000014c                PININT1_IRQHandler
                0x0000014c                PININT2_IRQHandler
                0x0000014c                UART1_IRQHandler
                0x0000014c                UART0_IRQHandler
                0x0000014c                WKT_IRQHandler
                0x0000014c                SPI1_IRQHandler
                0x0000014c                PININT7_IRQHandler
                0x0000014c                CMP_IRQHandler
                0x0000014c                PININT3_IRQHandler
                0x0000014c                UART2_IRQHandler
                0x0000014c                PININT5_IRQHandler
                0x0000014c                PININT4_IRQHandler
                0x0000014c                PININT0_IRQHandler
                0x0000014c                BOD_IRQHandler
                0x0000014c                SCT_IRQHandler
                0x0000014c                I2C_IRQHandler
                0x0000014c                WDT_IRQHandler
                0x0000014c                PININT6_IRQHandler
                0x0000014c                SPI0_IRQHandler
                0x0000014c                IntDefaultHandler
                0x000002fc                . = 0x2fc
 *fill*         0x00000150      0x1ac ff
                0x000002fc                PROVIDE (__CRP_WORD_START__, .)
 *(.crp)
 .crp           0x000002fc        0x4 ./src/main.o
                0x000002fc                CRP_WORD
                0x00000300                PROVIDE (__CRP_WORD_END__, .)
                0x00000001                ASSERT (! ((__CRP_WORD_START__ == __CRP_WORD_END__)), Linker CRP Enabled, but no CRP_WORD provided within application)
 *(.text*)
 .text.gpioInit
                0x00000300       0x28 ./src/gpio.o
                0x00000300                gpioInit
 .text.gpioSetValue
                0x00000328       0x1c ./src/gpio.o
                0x00000328                gpioSetValue
 .text.gpioSetDir
                0x00000344       0x26 ./src/gpio.o
                0x00000344                gpioSetDir
 *fill*         0x0000036a        0x2 00
 .text.SwitchMatrix
                0x0000036c       0x34 ./src/main.o
                0x0000036c                SwitchMatrix
 .text.startup.main
                0x000003a0       0xb0 ./src/main.o
                0x000003a0                main
 .text.MRT_IRQHandler
                0x00000450       0x2c ./src/mrt.o
                0x00000450                MRT_IRQHandler
 .text.mrtInit  0x0000047c       0x4c ./src/mrt.o
                0x0000047c                mrtInit
 .text.mrtDelay
                0x000004c8       0x14 ./src/mrt.o
                0x000004c8                mrtDelay
 .text.getTimerTick
                0x000004dc        0xc ./src/mrt.o
                0x000004dc                getTimerTick
 .text.getTimerTickDiff
                0x000004e8        0xc ./src/mrt.o
                0x000004e8                getTimerTickDiff
 .text.putchar  0x000004f4        0x8 ./src/printf-retarget.o
                0x000004f4                putchar
 .text.printchar
                0x000004fc       0x1a ./src/printf.o
 .text.prints   0x00000516       0x7a ./src/printf.o
 .text.printi   0x00000590       0xa6 ./src/printf.o
 *fill*         0x00000636        0x2 00
 .text.print    0x00000638      0x118 ./src/printf.o
 .text.printf   0x00000750       0x18 ./src/printf.o
                0x00000750                printf
 .text.SystemCoreClockUpdate
                0x00000768       0x88 ./src/system_LPC8xx.o
                0x00000768                SystemCoreClockUpdate
 .text.uart0Init
                0x000007f0       0x9c ./src/uart.o
                0x000007f0                uart0Init
 .text.uart0SendChar
                0x0000088c       0x18 ./src/uart.o
                0x0000088c                uart0SendChar
 .text.uart0ReceiveChar
                0x000008a4       0x18 ./src/uart.o
                0x000008a4                uart0ReceiveChar
 .text.uart0ReceiveReady
                0x000008bc       0x10 ./src/uart.o
                0x000008bc                uart0ReceiveReady
 .text.uart0ReceiveLineAsync
                0x000008cc       0x5a ./src/uart.o
                0x000008cc                uart0ReceiveLineAsync
 .text.__weak_main
                0x00000926        0x8 c:/nxp/lpcxpresso_5.2.4_2122/lpcxpresso/tools/bin/../lib/gcc/arm-none-eabi/4.6.2/../../../../arm-none-eabi/lib/armv6-m\libcr_c.a(__weak__main.o)
                0x00000926                __weak_main
                0x00000926                __main
 .text.__aeabi_division_uidivmod
                0x0000092e       0x72 c:/nxp/lpcxpresso_5.2.4_2122/lpcxpresso/tools/bin/../lib/gcc/arm-none-eabi/4.6.2/armv6-m\libcr_eabihelpers.a(division.o)
                0x0000092e                __aeabi_uidivmod
                0x0000092e                __aeabi_uidiv
 .text.__aeabi_division_idiv0
                0x000009a0        0x2 c:/nxp/lpcxpresso_5.2.4_2122/lpcxpresso/tools/bin/../lib/gcc/arm-none-eabi/4.6.2/armv6-m\libcr_eabihelpers.a(division.o)
                0x000009a0                __aeabi_idiv0
 *(.rodata .rodata.*)
 .rodata.str1.1
                0x000009a2       0x10 ./src/main.o
 .rodata.str1.1
                0x000009b2        0x7 ./src/printf.o
 *fill*         0x000009b9        0x3 00
 .rodata.CSWTCH.9
                0x000009bc       0x3c ./src/system_LPC8xx.o
                0x000009f8                . = ALIGN (0x4)

.glue_7         0x000009f8        0x0
 .glue_7        0x00000000        0x0 linker stubs

.glue_7t        0x000009f8        0x0
 .glue_7t       0x00000000        0x0 linker stubs

.vfp11_veneer   0x000009f8        0x0
 .vfp11_veneer  0x00000000        0x0 linker stubs

.v4_bx          0x000009f8        0x0
 .v4_bx         0x00000000        0x0 linker stubs

.ARM.extab
 *(.ARM.extab* .gnu.linkonce.armextab.*)
                0x000009f8                __exidx_start = .

.ARM.exidx
 *(.ARM.exidx* .gnu.linkonce.armexidx.*)
                0x000009f8                __exidx_end = .
                0x000009f8                _etext = .

.mtb_buffer_default
 *(.mtb*)

.uninit_RESERVED
                0x10000000        0x0
 *(.bss.$RESERVED*)
                0x10000000                . = ALIGN (0x4)
                0x10000000                _end_uninit_RESERVED = .

.data           0x10000000        0x4 load address 0x000009f8
 FILL mask 0xff
                0x10000000                _data = .
 *(vtable)
 *(.data*)
 .data.SystemCoreClock
                0x10000000        0x4 ./src/system_LPC8xx.o
                0x10000000                SystemCoreClock
                0x10000004                . = ALIGN (0x4)
                0x10000004                _edata = .

.bss            0x10000004        0x8 load address 0x000009fc
                0x10000004                _bss = .
 *(.bss*)
 .bss.timertick
                0x10000004        0x4 ./src/mrt.o
                0x10000004                timertick
 .bss.mrt_counter
                0x10000008        0x4 ./src/mrt.o
                0x10000008                mrt_counter
 *(COMMON)
                0x1000000c                . = ALIGN (0x4)
                0x1000000c                _ebss = .
                0x1000000c                PROVIDE (end, .)

.noinit         0x1000000c        0x0 load address 0x000009fc
                0x1000000c                _noinit = .
 *(.noinit*)
                0x1000000c                . = ALIGN (0x4)
                0x1000000c                _end_noinit = .
                0x1000000c                PROVIDE (_pvHeapStart, .)
                0x10000400                PROVIDE (_vStackTop, (__top_RamLoc1 - 0x0))
OUTPUT(LPC810_DAC_ADC.axf elf32-littlearm)

.debug_info     0x00000000     0x3771
 .debug_info    0x00000000      0x24e ./src/cr_startup_lpc8xx.o
 .debug_info    0x0000024e      0x69b ./src/gpio.o
 .debug_info    0x000008e9      0x77c ./src/main.o
 .debug_info    0x00001065      0x7d6 ./src/mrt.o
 .debug_info    0x0000183b      0x5ab ./src/power_mode.o
 .debug_info    0x00001de6       0xff ./src/printf-retarget.o
 .debug_info    0x00001ee5      0x377 ./src/printf.o
 .debug_info    0x0000225c      0x568 ./src/spi.o
 .debug_info    0x000027c4      0x6e2 ./src/system_LPC8xx.o
 .debug_info    0x00002ea6      0x8cb ./src/uart.o

.debug_abbrev   0x00000000      0xcd4
 .debug_abbrev  0x00000000       0xe3 ./src/cr_startup_lpc8xx.o
 .debug_abbrev  0x000000e3      0x13d ./src/gpio.o
 .debug_abbrev  0x00000220      0x170 ./src/main.o
 .debug_abbrev  0x00000390      0x1b3 ./src/mrt.o
 .debug_abbrev  0x00000543      0x104 ./src/power_mode.o
 .debug_abbrev  0x00000647       0xab ./src/printf-retarget.o
 .debug_abbrev  0x000006f2      0x194 ./src/printf.o
 .debug_abbrev  0x00000886      0x111 ./src/spi.o
 .debug_abbrev  0x00000997      0x161 ./src/system_LPC8xx.o
 .debug_abbrev  0x00000af8      0x1dc ./src/uart.o

.debug_loc      0x00000000      0xdd3
 .debug_loc     0x00000000      0x28f ./src/cr_startup_lpc8xx.o
 .debug_loc     0x0000028f      0x14e ./src/gpio.o
 .debug_loc     0x000003dd       0x4c ./src/main.o
 .debug_loc     0x00000429       0xa1 ./src/mrt.o
 .debug_loc     0x000004ca       0x84 ./src/printf-retarget.o
 .debug_loc     0x0000054e      0x533 ./src/printf.o
 .debug_loc     0x00000a81       0x66 ./src/spi.o
 .debug_loc     0x00000ae7       0x8a ./src/system_LPC8xx.o
 .debug_loc     0x00000b71      0x262 ./src/uart.o

.debug_aranges  0x00000000      0x248
 .debug_aranges
                0x00000000       0x60 ./src/cr_startup_lpc8xx.o
 .debug_aranges
                0x00000060       0x38 ./src/gpio.o
 .debug_aranges
                0x00000098       0x30 ./src/main.o
 .debug_aranges
                0x000000c8       0x40 ./src/mrt.o
 .debug_aranges
                0x00000108       0x30 ./src/power_mode.o
 .debug_aranges
                0x00000138       0x28 ./src/printf-retarget.o
 .debug_aranges
                0x00000160       0x48 ./src/printf.o
 .debug_aranges
                0x000001a8       0x28 ./src/spi.o
 .debug_aranges
                0x000001d0       0x28 ./src/system_LPC8xx.o
 .debug_aranges
                0x000001f8       0x50 ./src/uart.o

.debug_ranges   0x00000000      0x1c8
 .debug_ranges  0x00000000       0x50 ./src/cr_startup_lpc8xx.o
 .debug_ranges  0x00000050       0x28 ./src/gpio.o
 .debug_ranges  0x00000078       0x20 ./src/main.o
 .debug_ranges  0x00000098       0x30 ./src/mrt.o
 .debug_ranges  0x000000c8       0x20 ./src/power_mode.o
 .debug_ranges  0x000000e8       0x18 ./src/printf-retarget.o
 .debug_ranges  0x00000100       0x38 ./src/printf.o
 .debug_ranges  0x00000138       0x18 ./src/spi.o
 .debug_ranges  0x00000150       0x18 ./src/system_LPC8xx.o
 .debug_ranges  0x00000168       0x60 ./src/uart.o

.debug_line     0x00000000      0xf76
 .debug_line    0x00000000       0xa6 ./src/cr_startup_lpc8xx.o
 .debug_line    0x000000a6      0x17f ./src/gpio.o
 .debug_line    0x00000225      0x1be ./src/main.o
 .debug_line    0x000003e3      0x1b5 ./src/mrt.o
 .debug_line    0x00000598      0x1a8 ./src/power_mode.o
 .debug_line    0x00000740       0x6d ./src/printf-retarget.o
 .debug_line    0x000007ad      0x241 ./src/printf.o
 .debug_line    0x000009ee      0x166 ./src/spi.o
 .debug_line    0x00000b54      0x1c1 ./src/system_LPC8xx.o
 .debug_line    0x00000d15      0x261 ./src/uart.o

.debug_str      0x00000000      0xbfc
 .debug_str     0x00000000      0x1e4 ./src/cr_startup_lpc8xx.o
                                0x1f7 (size before relaxing)
 .debug_str     0x000001e4      0x30b ./src/gpio.o
                                0x3e4 (size before relaxing)
 .debug_str     0x000004ef       0xd4 ./src/main.o
                                0x47e (size before relaxing)
 .debug_str     0x000005c3      0x2e7 ./src/mrt.o
                                0x63d (size before relaxing)
 .debug_str     0x000008aa       0x89 ./src/power_mode.o
                                0x3d6 (size before relaxing)
 .debug_str     0x00000933       0x26 ./src/printf-retarget.o
                                0x156 (size before relaxing)
 .debug_str     0x00000959       0x78 ./src/printf.o
                                0x153 (size before relaxing)
 .debug_str     0x000009d1       0x71 ./src/spi.o
                                0x3cb (size before relaxing)
 .debug_str     0x00000a42       0xe7 ./src/system_LPC8xx.o
                                0x4c6 (size before relaxing)
 .debug_str     0x00000b29       0xd3 ./src/uart.o
                                0x67d (size before relaxing)

.comment        0x00000000       0xe0
 .comment       0x00000000       0x70 ./src/cr_startup_lpc8xx.o
                                 0x71 (size before relaxing)
 .comment       0x00000000       0x71 ./src/gpio.o
 .comment       0x00000000       0x71 ./src/main.o
 .comment       0x00000000       0x71 ./src/mrt.o
 .comment       0x00000000       0x71 ./src/power_mode.o
 .comment       0x00000000       0x71 ./src/printf-retarget.o
 .comment       0x00000000       0x71 ./src/printf.o
 .comment       0x00000000       0x71 ./src/spi.o
 .comment       0x00000000       0x71 ./src/system_LPC8xx.o
 .comment       0x00000000       0x71 ./src/uart.o
 .comment       0x00000070       0x70 c:/nxp/lpcxpresso_5.2.4_2122/lpcxpresso/tools/bin/../lib/gcc/arm-none-eabi/4.6.2/../../../../arm-none-eabi/lib/armv6-m\libcr_c.a(__weak__main.o)
                                 0x71 (size before relaxing)

.ARM.attributes
                0x00000000       0x2f
 .ARM.attributes
                0x00000000       0x31 ./src/cr_startup_lpc8xx.o
 .ARM.attributes
                0x00000031       0x31 ./src/gpio.o
 .ARM.attributes
                0x00000062       0x31 ./src/main.o
 .ARM.attributes
                0x00000093       0x31 ./src/mrt.o
 .ARM.attributes
                0x000000c4       0x31 ./src/power_mode.o
 .ARM.attributes
                0x000000f5       0x31 ./src/printf-retarget.o
 .ARM.attributes
                0x00000126       0x31 ./src/printf.o
 .ARM.attributes
                0x00000157       0x31 ./src/spi.o
 .ARM.attributes
                0x00000188       0x31 ./src/system_LPC8xx.o
 .ARM.attributes
                0x000001b9       0x31 ./src/uart.o
 .ARM.attributes
                0x000001ea       0x31 c:/nxp/lpcxpresso_5.2.4_2122/lpcxpresso/tools/bin/../lib/gcc/arm-none-eabi/4.6.2/../../../../arm-none-eabi/lib/armv6-m\libcr_c.a(__weak__main.o)
 .ARM.attributes
                0x0000021b       0x21 c:/nxp/lpcxpresso_5.2.4_2122/lpcxpresso/tools/bin/../lib/gcc/arm-none-eabi/4.6.2/armv6-m\libcr_eabihelpers.a(division.o)

.debug_frame    0x00000000      0x4c4
 .debug_frame   0x00000000       0xec ./src/cr_startup_lpc8xx.o
 .debug_frame   0x000000ec       0x68 ./src/gpio.o
 .debug_frame   0x00000154       0x54 ./src/main.o
 .debug_frame   0x000001a8       0x78 ./src/mrt.o
 .debug_frame   0x00000220       0x40 ./src/power_mode.o
 .debug_frame   0x00000260       0x40 ./src/printf-retarget.o
 .debug_frame   0x000002a0       0xcc ./src/printf.o
 .debug_frame   0x0000036c       0x44 ./src/spi.o
 .debug_frame   0x000003b0       0x48 ./src/system_LPC8xx.o
 .debug_frame   0x000003f8       0xcc ./src/uart.o
